2026-06-09 15:25:23,691 - main_app - INFO - Инициализация ScreenText Helper
2026-06-09 15:25:23,974 - hotkey_manager - INFO - Зарегистрирована горячая клавиша: ocr -> ctrl+alt+s
2026-06-09 15:25:23,974 - hotkey_manager - INFO - OCR горячая клавиша зарегистрирована: ctrl+alt+s
2026-06-09 15:25:23,974 - hotkey_manager - INFO - Зарегистрирована горячая клавиша: translate -> ctrl+alt+t
2026-06-09 15:25:23,975 - hotkey_manager - INFO - Translate горячая клавиша зарегистрирована: ctrl+alt+t
2026-06-09 15:25:23,975 - main_app - INFO - Горячие клавиши успешно зарегистрированы
2026-06-09 15:25:23,975 - main_app - INFO - Приложение успешно инициализировано
2026-06-09 15:25:23,975 - main_app - INFO - Приложение запущено
2026-06-09 15:28:16,734 - main_app - INFO - Инициализация ScreenText Helper
2026-06-09 15:28:16,927 - hotkey_manager - INFO - Зарегистрирована горячая клавиша: ocr -> ctrl+alt+s
2026-06-09 15:28:16,927 - hotkey_manager - INFO - OCR горячая клавиша зарегистрирована: ctrl+alt+s
2026-06-09 15:28:16,927 - hotkey_manager - INFO - Зарегистрирована горячая клавиша: translate -> ctrl+alt+t
2026-06-09 15:28:16,928 - hotkey_manager - INFO - Translate горячая клавиша зарегистрирована: ctrl+alt+t
2026-06-09 15:28:16,928 - main_app - INFO - Горячие клавиши успешно зарегистрированы
2026-06-09 15:28:16,928 - main_app - INFO - Приложение успешно инициализировано
2026-06-09 15:28:16,929 - main_app - INFO - Приложение запущено
2026-06-09 15:29:41,132 - main_app - INFO - Активирована OCR горячая клавиша
2026-06-09 16:19:39,369 - main_app - INFO - Инициализация ScreenText Helper
2026-06-09 16:19:39,532 - hotkey_manager - INFO - Зарегистрирована горячая клавиша: ocr -> ctrl+alt+s
2026-06-09 16:19:39,533 - hotkey_manager - INFO - OCR горячая клавиша зарегистрирована: ctrl+alt+s
2026-06-09 16:19:39,533 - hotkey_manager - INFO - Зарегистрирована горячая клавиша: translate -> ctrl+alt+t
2026-06-09 16:19:39,533 - hotkey_manager - INFO - Translate горячая клавиша зарегистрирована: ctrl+alt+t
2026-06-09 16:19:39,533 - main_app - INFO - Горячие клавиши успешно зарегистрированы
2026-06-09 16:19:39,533 - main_app - INFO - Приложение успешно инициализировано
2026-06-09 16:19:39,533 - main_app - INFO - Приложение запущено
2026-06-09 16:20:03,160 - main_app - INFO - Активирована OCR горячая клавиша
2026-06-09 16:23:19,027 - main_app - INFO - Инициализация ScreenText Helper
2026-06-09 16:23:19,227 - hotkey_manager - INFO - Зарегистрирована горячая клавиша: ocr -> ctrl+alt+s
2026-06-09 16:23:19,227 - hotkey_manager - INFO - OCR горячая клавиша зарегистрирована: ctrl+alt+s
2026-06-09 16:23:19,227 - hotkey_manager - INFO - Зарегистрирована горячая клавиша: translate -> ctrl+alt+t
2026-06-09 16:23:19,227 - hotkey_manager - INFO - Translate горячая клавиша зарегистрирована: ctrl+alt+t
2026-06-09 16:23:19,227 - main_app - INFO - Горячие клавиши успешно зарегистрированы
2026-06-09 16:23:19,227 - main_app - INFO - Приложение успешно инициализировано
2026-06-09 16:23:19,228 - main_app - INFO - Приложение запущено
2026-06-09 16:25:08,082 - main_app - INFO - Завершение работы приложения
2026-06-10 17:48:39,638 - main_app - INFO - Инициализация ScreenText Helper
2026-06-10 17:48:39,961 - hotkey_manager - INFO - Зарегистрирована горячая клавиша: ocr -> ctrl+alt+s
2026-06-10 17:48:39,961 - hotkey_manager - INFO - OCR горячая клавиша зарегистрирована: ctrl+alt+s
2026-06-10 17:48:39,961 - hotkey_manager - INFO - Зарегистрирована горячая клавиша: translate -> ctrl+alt+t
2026-06-10 17:48:39,961 - hotkey_manager - INFO - Translate горячая клавиша зарегистрирована: ctrl+alt+t
2026-06-10 17:48:39,961 - main_app - INFO - Горячие клавиши успешно зарегистрированы
2026-06-10 17:48:39,962 - main_app - INFO - Приложение успешно инициализировано
2026-06-10 17:48:39,962 - main_app - INFO - Приложение запущено
2026-06-10 17:49:03,930 - main_app - INFO - Активирована OCR горячая клавиша
2026-06-10 17:49:04,194 - area_selector - INFO - Скриншот экрана сохранен: C:\Users\DZ\AppData\Local\Temp\tmppjb44tr1.png
2026-06-10 17:49:04,201 - area_selector - INFO - Селектор области показан
2026-06-10 17:55:34,800 - main_app - INFO - Инициализация ScreenText Helper
2026-06-10 17:55:35,002 - hotkey_manager - INFO - Зарегистрирована горячая клавиша: ocr -> ctrl+alt+s
2026-06-10 17:55:35,002 - hotkey_manager - INFO - OCR горячая клавиша зарегистрирована: ctrl+alt+s
2026-06-10 17:55:35,002 - hotkey_manager - INFO - Зарегистрирована горячая клавиша: translate -> ctrl+alt+t
2026-06-10 17:55:35,002 - hotkey_manager - INFO - Translate горячая клавиша зарегистрирована: ctrl+alt+t
2026-06-10 17:55:35,002 - main_app - INFO - Горячие клавиши успешно зарегистрированы
2026-06-10 17:55:35,002 - main_app - INFO - Приложение успешно инициализировано
2026-06-10 17:55:35,002 - main_app - INFO - Приложение запущено
2026-06-10 17:56:10,628 - main_app - INFO - Активирована OCR горячая клавиша
2026-06-10 17:56:10,981 - area_selector - INFO - Скриншот экрана сохранен: C:\Users\DZ\AppData\Local\Temp\tmpyvthm061.png
2026-06-10 17:56:10,992 - area_selector - INFO - Селектор области показан
2026-06-10 17:58:05,124 - main_app - INFO - Инициализация ScreenText Helper
2026-06-10 17:58:05,310 - hotkey_manager - INFO - Зарегистрирована горячая клавиша: ocr -> ctrl+alt+s
2026-06-10 17:58:05,311 - hotkey_manager - INFO - OCR горячая клавиша зарегистрирована: ctrl+alt+s
2026-06-10 17:58:05,311 - hotkey_manager - INFO - Зарегистрирована горячая клавиша: translate -> ctrl+alt+t
2026-06-10 17:58:05,311 - hotkey_manager - INFO - Translate горячая клавиша зарегистрирована: ctrl+alt+t
2026-06-10 17:58:05,311 - main_app - INFO - Горячие клавиши успешно зарегистрированы
2026-06-10 17:58:05,311 - main_app - INFO - Приложение успешно инициализировано
2026-06-10 17:58:05,311 - main_app - INFO - Приложение запущено
